<html>
<body>
<pre>
<h1>µVision Build Log</h1>
<h2>Project:</h2>
C:\Users\zez\Desktop\yarab 4\zeez.uvproj
Project File Date:  03/14/2019

<h2>Output:</h2>
Build target 'Target 1'
linking...
Program Size: Code=1968 RO-data=652 RW-data=16 ZI-data=608  
FromELF: creating hex file...
".\zeez.axf" - 0 Error(s), 0 Warning(s).
Load "C:\\Users\\zez\\Desktop\\yarab 4\\zeez.axf" 
Connecting: Mode=JTAG, Speed=1000000Hz
Erase Done.
Programming Done.
Verify OK.
</pre>
</body>
</html>
hite space is required between the macro name "__PORT" and its replacement text
  #define __PORT-INIT_H__
C:\Embbedded programming\Project 2\sevensegment.h(8): warning:  #1-D: last line of file ends without a newline
  #endif // __SEVENSEGMENT_H__
C:\Embbedded programming\Project 2\switches.h(9): warning:  #1-D: last line of file ends without a newline
  #endif // __SWITCHES_H__
C:\Embbedded programming\Project 2\newdelay.h(6): warning:  #1-D: last line of file ends without a newline
  #endif // __NEWDELAY_H__
C:\Embbedded programming\Project 2\main.c: 5 warnings, 0 errors
compiling newdelay.c...
C:\Embbedded programming\Project 2\newdelay.h(6): warning:  #1-D: last line of file ends without a newline
  #endif // __NEWDELAY_H__
C:\Embbedded programming\Project 2\newdelay.c(19): warning:  #1-D: last line of file ends without a newline
  }
C:\Embbedded programming\Project 2\newdelay.c: 2 warnings, 0 errors
compiling port-init.c...
C:\Embbedded programming\Project 2\port-init.h(1): warning:  #14-D: extra text after expected end of preprocessing directive
  #ifndef __PORT-INIT_H__
C:\Embbedded programming\Project 2\port-init.h(2): warning:  #2775-D: white space is required between the macro name "__PORT" and its replacement text
  #define __PORT-INIT_H__
C:\Embbedded programming\Project 2\port-init.c: 2 warnings, 0 errors
compiling sevensegment.c...
C:\Embbedded programming\Project 2\sevensegment.h(8): warning:  #1-D: last line of file ends without a newline
  #endif // __SEVENSEGMENT_H__
C:\Embbedded programming\Project 2\port-init.h(1): warning:  #14-D: extra text after expected end of preprocessing directive
  #ifndef __PORT-INIT_H__
C:\Embbedded programming\Project 2\port-init.h(2): warning:  #2775-D: white space is required between the macro name "__PORT" and its replacement text
  #define __PORT-INIT_H__
C:\Embbedded programming\Project 2\sevensegment.c(16): warning:  #1-D: last line of file ends without a newline
  }
C:\Embbedded programming\Project 2\sevensegment.c: 4 warnings, 0 errors
compiling switches.c...
C:\Embbedded programming\Project 2\switches.h(9): warning:  #1-D: last line of file ends without a newline
  #endif // __SWITCHES_H__
C:\Embbedded programming\Project 2\port-init.h(1): warning:  #14-D: extra text after expected end of preprocessing directive
  #ifndef __PORT-INIT_H__
C:\Embbedded programming\Project 2\port-init.h(2): warning:  #2775-D: white space is required between the macro name "__PORT" and its replacement text
  #define __PORT-INIT_H__
C:\Embbedded programming\Project 2\switches.c(23): warning:  #1-D: last line of file ends without a newline
  }
C:\Embbedded programming\Project 2\switches.c: 4 warnings, 0 errors
linking...
Program Size: Code=1968 RO-data=652 RW-data=16 ZI-data=608  
".\zeez.axf" - 0 Error(s), 17 Warning(s).
